1*21001*211*21011100000
12*22245*212*101*332100
012*3****52211023***100
0012*5*8***10001*6*5211
000113****3100012***11*